// Jest Snapshot v1, https://goo.gl/fbAQLP

exports[`MovieDialog scene renders and matchs snapshot 1`] = `null`;
